MPLINK 4.35, Linker
Linker Map File - Created Fri Apr  9 16:56:07 2010

                                 Section Info
                  Section       Type    Address   Location Size(Bytes)
                ---------  ---------  ---------  ---------  ---------
                   .org_0       code   0x000000    program   0x000000
                   .org_1       code   0x000000    program   0x00067a
      .config_2007_MAIN.O       code   0x002007    program   0x000002
      .config_2008_MAIN.O       code   0x002008    program   0x000002



                              Program Memory Usage 
                               Start         End      
                           ---------   ---------      
                            0x000000    0x00033c      
                            0x002007    0x002008      
            831 out of 2054 program addresses used, program memory utilization is 40%



                              Symbols - Sorted by Name
                     Name    Address   Location    Storage File                     
                ---------  ---------  ---------  --------- ---------                
                 aftereoi   0x00005b    program     static C:\ss2010cpw\main.asm    
                   images   0x000323    program     static C:\ss2010cpw\images.inc  
                  img0end   0x0000b5    program     static C:\ss2010cpw\images.inc  
                img0start   0x00008d    program     static C:\ss2010cpw\images.inc  
                 img10end   0x00028b    program     static C:\ss2010cpw\images.inc  
               img10start   0x00023b    program     static C:\ss2010cpw\images.inc  
                 img11end   0x0002e7    program     static C:\ss2010cpw\images.inc  
               img11start   0x00028b    program     static C:\ss2010cpw\images.inc  
                 img12end   0x000323    program     static C:\ss2010cpw\images.inc  
               img12start   0x0002e7    program     static C:\ss2010cpw\images.inc  
                  img1end   0x0000df    program     static C:\ss2010cpw\images.inc  
                img1start   0x0000b5    program     static C:\ss2010cpw\images.inc  
                  img2end   0x000107    program     static C:\ss2010cpw\images.inc  
                img2start   0x0000df    program     static C:\ss2010cpw\images.inc  
                  img3end   0x00013f    program     static C:\ss2010cpw\images.inc  
                img3start   0x000107    program     static C:\ss2010cpw\images.inc  
                  img4end   0x000167    program     static C:\ss2010cpw\images.inc  
                img4start   0x00013f    program     static C:\ss2010cpw\images.inc  
                  img5end   0x00018f    program     static C:\ss2010cpw\images.inc  
                img5start   0x000167    program     static C:\ss2010cpw\images.inc  
                  img6end   0x0001c7    program     static C:\ss2010cpw\images.inc  
                img6start   0x00018f    program     static C:\ss2010cpw\images.inc  
                  img7end   0x0001f9    program     static C:\ss2010cpw\images.inc  
                img7start   0x0001c7    program     static C:\ss2010cpw\images.inc  
                  img8end   0x000221    program     static C:\ss2010cpw\images.inc  
                img8start   0x0001f9    program     static C:\ss2010cpw\images.inc  
                  img9end   0x00023b    program     static C:\ss2010cpw\images.inc  
                img9start   0x000221    program     static C:\ss2010cpw\images.inc  
                     loop   0x000022    program     static C:\ss2010cpw\main.asm    
                 nobutton   0x00008b    program     static C:\ss2010cpw\main.asm    
               noinchigh1   0x00003f    program     static C:\ss2010cpw\main.asm    
               noinchigh2   0x00004f    program     static C:\ss2010cpw\main.asm    
               noinchigh3   0x00007f    program     static C:\ss2010cpw\main.asm    
                    start   0x000005    program     static C:\ss2010cpw\main.asm    
                    wait1   0x000024    program     static C:\ss2010cpw\main.asm    
                    wait2   0x000025    program     static C:\ss2010cpw\main.asm    



                              Symbols - Sorted by Address
                     Name    Address   Location    Storage File                     
                ---------  ---------  ---------  --------- ---------                
                    start   0x000005    program     static C:\ss2010cpw\main.asm    
                     loop   0x000022    program     static C:\ss2010cpw\main.asm    
                    wait1   0x000024    program     static C:\ss2010cpw\main.asm    
                    wait2   0x000025    program     static C:\ss2010cpw\main.asm    
               noinchigh1   0x00003f    program     static C:\ss2010cpw\main.asm    
               noinchigh2   0x00004f    program     static C:\ss2010cpw\main.asm    
                 aftereoi   0x00005b    program     static C:\ss2010cpw\main.asm    
               noinchigh3   0x00007f    program     static C:\ss2010cpw\main.asm    
                 nobutton   0x00008b    program     static C:\ss2010cpw\main.asm    
                img0start   0x00008d    program     static C:\ss2010cpw\images.inc  
                  img0end   0x0000b5    program     static C:\ss2010cpw\images.inc  
                img1start   0x0000b5    program     static C:\ss2010cpw\images.inc  
                  img1end   0x0000df    program     static C:\ss2010cpw\images.inc  
                img2start   0x0000df    program     static C:\ss2010cpw\images.inc  
                  img2end   0x000107    program     static C:\ss2010cpw\images.inc  
                img3start   0x000107    program     static C:\ss2010cpw\images.inc  
                  img3end   0x00013f    program     static C:\ss2010cpw\images.inc  
                img4start   0x00013f    program     static C:\ss2010cpw\images.inc  
                  img4end   0x000167    program     static C:\ss2010cpw\images.inc  
                img5start   0x000167    program     static C:\ss2010cpw\images.inc  
                img6start   0x00018f    program     static C:\ss2010cpw\images.inc  
                  img5end   0x00018f    program     static C:\ss2010cpw\images.inc  
                  img6end   0x0001c7    program     static C:\ss2010cpw\images.inc  
                img7start   0x0001c7    program     static C:\ss2010cpw\images.inc  
                  img7end   0x0001f9    program     static C:\ss2010cpw\images.inc  
                img8start   0x0001f9    program     static C:\ss2010cpw\images.inc  
                  img8end   0x000221    program     static C:\ss2010cpw\images.inc  
                img9start   0x000221    program     static C:\ss2010cpw\images.inc  
                  img9end   0x00023b    program     static C:\ss2010cpw\images.inc  
               img10start   0x00023b    program     static C:\ss2010cpw\images.inc  
                 img10end   0x00028b    program     static C:\ss2010cpw\images.inc  
               img11start   0x00028b    program     static C:\ss2010cpw\images.inc  
               img12start   0x0002e7    program     static C:\ss2010cpw\images.inc  
                 img11end   0x0002e7    program     static C:\ss2010cpw\images.inc  
                 img12end   0x000323    program     static C:\ss2010cpw\images.inc  
                   images   0x000323    program     static C:\ss2010cpw\images.inc  


